2023-07-20 10:40:42 | INFO | D:/Work/Quntized-Mesh/01.Souces/2023_GCRR/Assets\JsonData | Load | D:\Work\Quntized-Mesh\01.Souces\2023_GCRR\Assets\GCRR\Scripts\UTILS\JsonManager.cs : 84
2023-07-20 10:40:42 | INFO | [Success] ScenarioList Load Completion. | LoadScenarioList | D:\Work\Quntized-Mesh\01.Souces\2023_GCRR\Assets\GCRR\Scripts\Scenario\ScenarioInfoClass.cs : 61
2023-07-20 10:40:43 | INFO | D:/Work/Quntized-Mesh/01.Souces/2023_GCRR/Assets\JsonData | Load | D:\Work\Quntized-Mesh\01.Souces\2023_GCRR\Assets\GCRR\Scripts\UTILS\JsonManager.cs : 84
2023-07-20 10:40:43 | INFO | [Success] ScenarioData Load Completion. | LoadScenarioData | D:\Work\Quntized-Mesh\01.Souces\2023_GCRR\Assets\GCRR\Scripts\Scenario\ScenarioInfoClass.cs : 77
2023-07-20 10:40:54 | INFO | Calcu Terrain Index - zoomLevel : 10	org : [Lat : 37.523857	Lon : 127.074736]	Index : [Lat : 1746	Lon : 793 | Initialize | D:\Work\Quntized-Mesh\01.Souces\2023_GCRR\Assets\GCRR\Scripts\VirtualMap\TerrainCreateClass.cs : 53
2023-07-20 10:40:54 | INFO | Calcu Texture Index - zoomLevel : 11	org : [Lat : 37.523857	Lon : 127.074736]	Index : [Lat : 1746	Lon : 793 | Initialize | D:\Work\Quntized-Mesh\01.Souces\2023_GCRR\Assets\GCRR\Scripts\VirtualMap\TerrainCreateClass.cs : 54
2023-07-20 10:40:55 | INFO | [Object Selected] Fighter | set_Select_ObjectID | D:\Work\Quntized-Mesh\01.Souces\2023_GCRR\Assets\GCRR\Scripts\ScenarioObject\ScenarioObjectManager.cs : 19
2023-07-20 10:40:55 | INFO | [Object Selected] None | set_Select_ObjectID | D:\Work\Quntized-Mesh\01.Souces\2023_GCRR\Assets\GCRR\Scripts\ScenarioObject\ScenarioObjectManager.cs : 19
2023-07-20 10:40:55 | INFO | [Object Selected] Fighter | set_Select_ObjectID | D:\Work\Quntized-Mesh\01.Souces\2023_GCRR\Assets\GCRR\Scripts\ScenarioObject\ScenarioObjectManager.cs : 19
2023-07-20 10:40:55 | INFO | [Object Selected] None | set_Select_ObjectID | D:\Work\Quntized-Mesh\01.Souces\2023_GCRR\Assets\GCRR\Scripts\ScenarioObject\ScenarioObjectManager.cs : 19
a | D:\Work\Quntized-Mesh\01.Souces\2023_GCRR\Assets\GCRR\Scripts\Server\ServerConnectClass.cs : 215
2023-07-20 10:23:17 | INFO | [DownLoad Success] D:/Work/Quntized-Mesh/01.Souces/2023_GCRR/Assets\DownLoadData\SaveTextures\11\796\1742.png Terrain File | Get_TextureData | D:\Work\Quntized-Mesh\01.Souces\2023_GCRR\Assets\GCRR\Scripts\Server\ServerConnectClass.cs : 215
2023-07-20 10:23:17 | INFO | [DownLoad Success] D:/Work/Quntized-Mesh/01.Souces/2023_GCRR/Assets\DownLoadData\SaveTextures\11\794\1742.png Terrain File | Get_TextureData | D:\Work\Quntized-Mesh\01.Souces\2023_GCRR\Assets\GCRR\Scripts\Server\ServerConnectClass.cs : 215
2023-07-20 10:23:17 | INFO | [DownLoad Success] D:/Work/Quntized-Mesh/01.Souces/2023_GCRR/Assets\DownLoadData\SaveTextures\11\797\1741.png Terrain File | Get_TextureData | D:\Work\Quntized-Mesh\01.Souces\2023_GCRR\Assets\GCRR\Scripts\Server\ServerConnectClass.cs : 215
2023-07-20 10:23:17 | INFO | [DownLoad Success] D:/Work/Quntized-Mesh/01.Souces/2023_GCRR/Assets\DownLoadData\SaveTextures\11\792\1742.png Terrain File | Get_TextureData | D:\Work\Quntized-Mesh\01.Souces\2023_GCRR\Assets\GCRR\Scripts\Server\ServerConnectClass.cs : 215
2023-07-20 10:23:17 | INFO | [DownLoad Success] D:/Work/Quntized-Mesh/01.Souces/2023_GCRR/Assets\DownLoadData\SaveTextures\11\795\1743.png Terrain File | Get_TextureData | D:\Work\Quntized-Mesh\01.Souces\2023_GCRR\Assets\GCRR\Scripts\Server\ServerConnectClass.cs : 215
2023-07-20 10:23:17 | INFO | [DownLoad Success] D:/Work/Quntized-Mesh/01.Souces/2023_GCRR/Assets\DownLoadData\SaveTextures\11\794\1743.png Terrain File | Get_TextureData | D:\Work\Quntized-Mesh\01.Souces\2023_GCRR\Assets\GCRR\Scripts\Server\ServerConnectClass.cs : 215
2023-07-20 10:23:17 | INFO | [DownLoad Success] D:/Work/Quntized-Mesh/01.Souces/2023_GCRR/Assets\DownLoadData\SaveTextures\11\791\1741.png Terrain File | Get_TextureData | D:\Work\Quntized-Mesh\01.Souces\2023_GCRR\Assets\GCRR\Scripts\Server\ServerConnectClass.cs : 215
2023-07-20 10:23:17 | INFO | [DownLoad Success] D:/Work/Quntized-Mesh/01.Souces/2023_GCRR/Assets\DownLoadData\SaveTextures\11\798\1741.png Terrain File | Get_TextureData | D:\Work\Quntized-Mesh\01.Souces\2023_GCRR\Assets\GCRR\Scripts\Server\ServerConnectClass.cs : 215
2023-07-20 10:23:17 | INFO | [DownLoad Success] D:/Work/Quntized-Mesh/01.Souces/2023_GCRR/Assets\DownLoadData\SaveTextures\11\796\1744.png Terrain File | Get_TextureData | D:\Work\Quntized-Mesh\01.Souces\2023_GCRR\Assets\GCRR\Scripts\Server\ServerConnectClass.cs : 215
2023-07-20 10:23:18 | INFO | [DownLoad Success] D:/Work/Quntized-Mesh/01.Souces/2023_GCRR/Assets\DownLoadData\SaveTextures\11\795\1744.png Terrain File | Get_TextureData | D:\Work\Quntized-Mesh\01.Souces\2023_GCRR\Assets\GCRR\Scripts\Server\ServerConnectClass.cs : 215
2023-07-20 10:23:18 | INFO | [DownLoad Success] D:/Work/Quntized-Mesh/01.Souces/2023_GCRR/Assets\DownLoadData\SaveTextures\11\792\1741.png Terrain File | Get_TextureData | D:\Work\Quntized-Mesh\01.Souces\2023_GCRR\Assets\GCRR\Scripts\Server\ServerConnectClass.cs : 215
2023-07-20 10:23:18 | INFO | [DownLoad Success] D:/Work/Quntized-Mesh/01.Souces/2023_GCRR/Assets\DownLoadData\SaveTextures\11\793\1742.png Terrain File | Get_TextureData | D:\Work\Quntized-Mesh\01.Souces\2023_GCRR\Assets\GCRR\Scripts\Server\ServerConnectClass.cs : 215
2023-07-20 10:23:18 | INFO | [DownLoad Success] D:/Work/Quntized-Mesh/01.Souces/2023_GCRR/Assets\DownLoadData\SaveTextures\11\789\1741.png Terrain File | Get_TextureData | D:\Work\Quntized-Mesh\01.Souces\2023_GCRR\Assets\GCRR\Scripts\Server\ServerConnectClass.cs : 215
2023-07-20 10:23:18 | INFO | [DownLoad Success] D:/Work/Quntized-Mesh/01.Souces/2023_GCRR/Assets\DownLoadData\SaveTextures\11\788\1741.png Terrain File | Get_TextureData | D:\Work\Quntized-Mesh\01.Souces\2023_GCRR\Assets\GCRR\Scripts\Server\ServerConnectClass.cs : 215
2023-07-20 10:23:18 | INFO | [DownLoad Success] D:/Work/Quntized-Mesh/01.Souces/2023_GCRR/Assets\DownLoadData\SaveTextures\11\796\1743.png Terrain File | Get_TextureData | D:\Work\Quntized-Mesh\01.Souces\2023_GCRR\Assets\GCRR\Scripts\Server\ServerConnectClass.cs : 215
2023-07-20 10:23:18 | INFO | [DownLoad Success] D:/Work/Quntized-Mesh/01.Souces/2023_GCRR/Assets\DownLoadData\SaveTextures\11\789\1742.png Terrain File | Get_TextureData | D:\Work\Quntized-Mesh\01.Souces\2023_GCRR\Assets\GCRR\Scripts\Server\ServerConnectClass.cs : 215
2023-07-20 10:23:18 | INFO | [DownLoad Success] D:/Work/Quntized-Mesh/01.Souces/2023_GCRR/Assets\DownLoadData\SaveTextures\11\788\1744.png Terrain File | Get_TextureData | D:\Work\Quntized-Mesh\01.Souces\2023_GCRR\Assets\GCRR\Scripts\Server\ServerConnectClass.cs : 215
2023-07-20 10:23:18 | INFO | [DownLoad Success] D:/Work/Quntized-Mesh/01.Souces/2023_GCRR/Assets\DownLoadData\SaveTextures\11\788\1743.png Terrain File | Get_TextureData | D:\Work\Quntized-Mesh\01.Souces\2023_GCRR\Assets\GCRR\Scripts\Server\ServerConnectClass.cs : 215
2023-07-20 10:23:18 | INFO | [DownLoad Success] D:/Work/Quntized-Mesh/01.Souces/2023_GCRR/Assets\DownLoadData\SaveTextures\11\797\1742.png Terrain File | Get_TextureData | D:\Work\Quntized-Mesh\01.Souces\2023_GCRR\Assets\GCRR\Scripts\Server\ServerConnectClass.cs : 215
2023-07-20 10:23:18 | INFO | [DownLoad Success] D:/Work/Quntized-Mesh/01.Souces/2023_GCRR/Assets\DownLoadData\SaveTextures\11\789\1743.png Terrain File | Get_TextureData | D:\Work\Quntized-Mesh\01.Souces\2023_GCRR\Assets\GCRR\Scripts\Server\ServerConnectClass.cs : 215
2023-07-20 10:23:18 | INFO | [DownLoad Success] D:/Work/Quntized-Mesh/01.Souces/2023_GCRR/Assets\DownLoadData\SaveTextures\11\789\1744.png Terrain File | Get_TextureData | D:\Work\Quntized-Mesh\01.Souces\2023_GCRR\Assets\GCRR\Scripts\Server\ServerConnectClass.cs : 215
2023-07-20 10:23:18 | INFO | [DownLoad Success] D:/Work/Quntized-Mesh/01.Souces/2023_GCRR/Assets\DownLoadData\SaveTextures\11\788\1742.png Terrain File | Get_TextureData | D:\Work\Quntized-Mesh\01.Souces\2023_GCRR\Assets\GCRR\Scripts\Server\ServerConnectClass.cs : 215
2023-07-20 10:23:18 | INFO | [DownLoad Success] D:/Work/Quntized-Mesh/01.Souces/2023_GCRR/Assets\DownLoadData\SaveTextures\11\788\1750.png Terrain File | Get_TextureData | D:\Work\Quntized-Mesh\01.Souces\2023_GCRR\Assets\GCRR\Scripts\Server\ServerConnectClass.cs : 215
2023-07-20 10:23:18 | INFO | [DownLoad Success] D:/Work/Quntized-Mesh/01.Souces/2023_GCRR/Assets\DownLoadData\SaveTextures\11\797\1744.png Terrain File | Get_TextureData | D:\Work\Quntized-Mesh\01.Souces\2023_GCRR\Assets\GCRR\Scripts\Server\ServerConnectClass.cs : 215
2023-07-20 10:23:18 | INFO | [DownLoad Success] D:/Work/Quntized-Mesh/01.Souces/2023_GCRR/Assets\DownLoadData\SaveTextures\11\788\1745.png Terrain File | Get_TextureData | D:\Work\Quntized-Mesh\01.Souces\2023_GCRR\Assets\GCRR\Scripts\Server\ServerConnectClass.cs : 215
2023-07-20 10:23:18 | INFO | [DownLoad Success] D:/Work/Quntized-Mesh/01.Souces/2023_GCRR/Assets\DownLoadData\SaveTextures\11\791\1742.png Terrain File | Get_TextureData | D:\Work\Quntized-Mesh\01.Souces\2023_GCRR\Assets\GCRR\Scripts\Server\ServerConnectClass.cs : 215
2023-07-20 10:23:18 | INFO | [DownLoad Success] D:/Work/Quntized-Mesh/01.Souces/2023_GCRR/Assets\DownLoadData\SaveTextures\11\793\1743.png Terrain File | Get_TextureData | D:\Work\Quntized-Mesh\01.Souces\2023_GCRR\Assets\GCRR\Scripts\Server\ServerConnectClass.cs : 215
2023-07-20 10:23:18 | INFO | [DownLoad Success] D:/Work/Quntized-Mesh/01.Souces/2023_GCRR/Assets\DownLoadData\SaveTextures\11\790\1743.png Terrain File | Get_TextureData | D:\Work\Quntized-Mesh\01.Souces\2023_GCRR\Assets\GCRR\Scripts\Server\ServerConnectClass.cs : 215
2023-07-20 10:23:18 | INFO | [DownLoad Success] D:/Work/Quntized-Mesh/01.Souces/2023_GCRR/Assets\DownLoadData\SaveTextures\11\789\1745.png Terrain File | Get_TextureData | D:\Work\Quntized-Mesh\01.Souces\2023_GCRR\Assets\GCRR\Scripts\Server\ServerConnectClass.cs : 215
2023-07-20 10:23:18 | INFO | [DownLoad Success] D:/Work/Quntized-Mesh/01.Souces/2023_GCRR/Assets\DownLoadData\SaveTextures\11\798\1742.png Terrain File | Get_TextureData | D:\Work\Quntized-Mesh\01.Souces\2023_GCRR\Assets\GCRR\Scripts\Server\ServerConnectClass.cs : 215
2023-07-20 10:23:18 | INFO | [DownLoad Success] D:/Work/Quntized-Mesh/01.Souces/2023_GCRR/Assets\DownLoadData\SaveTextures\11\794\1744.png Terrain File | Get_TextureData | D:\Work\Quntized-Mesh\01.Souces\2023_GCRR\Assets\GCRR\Scripts\Server\ServerConnectClass.cs : 215
2023-07-20 10:23:18 | INFO | [DownLoad Success] D:/Work/Quntized-Mesh/01.Souces/2023_GCRR/Assets\DownLoadData\SaveTextures\11\792\1743.png Terrain File | Get_TextureData | D:\Work\Quntized-Mesh\01.Souces\2023_GCRR\Assets\GCRR\Scripts\Server\ServerConnectClass.cs : 215
2023-07-20 10:23:18 | INFO | [DownLoad Success] D:/Work/Quntized-Mesh/01.Souces/2023_GCRR/Assets\DownLoadData\SaveTextures\11\797\1743.png Terrain File | Get_TextureData | D:\Work\Quntized-Mesh\01.Souces\2023_GCRR\Assets\GCRR\Scripts\Server\ServerConnectClass.cs : 215
2023-07-20 10:23:18 | INFO | [DownLoad Success] D:/Work/Quntized-Mesh/01.Souces/2023_GCRR/Assets\DownLoadData\SaveTextures\11\791\1743.png Terrain File | Get_TextureData | D:\Work\Quntized-Mesh\01.Souces\2023_GCRR\Assets\GCRR\Scripts\Server\ServerConnectClass.cs : 215
2023-07-20 10:23:18 | INFO | [DownLoad Success] D:/Work/Quntized-Mesh/01.Souces/2023_GCRR/Assets\DownLoadData\SaveTextures\11\789\1749.png Terrain File | Get_TextureData | D:\Work\Quntized-Mesh\01.Souces\2023_GCRR\Assets\GCRR\Scripts\Server\ServerConnectClass.cs : 215
2023-07-20 10:23:18 | INFO | [DownLoad Success] D:/Work/Quntized-Mesh/01.Souces/2023_GCRR/Assets\DownLoadData\SaveTextures\11\790\1749.png Terrain File | Get_TextureData | D:\Work\Quntized-Mesh\01.Souces\2023_GCRR\Assets\GCRR\Scripts\Server\ServerConnectClass.cs : 215
2023-07-20 10:23:18 | INFO | [DownLoad Success] D:/Work/Quntized-Mesh/01.Souces/2023_GCRR/Assets\DownLoadData\SaveTextures\11\788\1747.png Terrain File | Get_TextureData | D:\Work\Quntized-Mesh\01.Souces\2023_GCRR\Assets\GCRR\Scripts\Server\ServerConnectClass.cs : 215
2023-07-20 10:23:18 | INFO | [DownLoad Success] D:/Work/Quntized-Mesh/01.Souces/2023_GCRR/Assets\DownLoadData\SaveTextures\11\791\1750.png Terrain File | Get_TextureData | D:\Work\Quntized-Mesh\01.Souces\2023_GCRR\Assets\GCRR\Scripts\Server\ServerConnectClass.cs : 215
2023-07-20 10:23:18 | INFO | [DownLoad Success] D:/Work/Quntized-Mesh/01.Souces/2023_GCRR/Assets\DownLoadData\SaveTextures\11\791\1748.png Terrain File | Get_TextureData | D:\Work\Quntized-Mesh\01.Souces\2023_GCRR\Assets\GCRR\Scripts\Server\ServerConnectClass.cs : 215
2023-07-20 10:23:18 | INFO | [DownLoad Success] D:/Work/Quntized-Mesh/01.Souces/2023_GCRR/Assets\DownLoadData\SaveTextures\11\788\1748.png Terrain File | Get_TextureData | D:\Work\Quntized-Mesh\01.Souces\2023_GCRR\Assets\GCRR\Scripts\Server\ServerConnectClass.cs : 215
2023-07-20 10:23:18 | INFO | [DownLoad Success] D:/Work/Quntized-Mesh/01.Souces/2023_GCRR/Assets\DownLoadData\SaveTextures\11\790\1751.png Terrain File | Get_TextureData | D:\Work\Quntized-Mesh\01.Souces\2023_GCRR\Assets\GCRR\Scripts\Server\ServerConnectClass.cs : 215
2023-07-20 10:23:18 | INFO | [DownLoad Success] D:/Work/Quntized-Mesh/01.Souces/2023_GCRR/Assets\DownLoadData\SaveTextures\11\790\1750.png Terrain File | Get_TextureData | D:\Work\Quntized-Mesh\01.Souces\2023_GCRR\Assets\GCRR\Scripts\Server\ServerConnectClass.cs : 215
2023-07-20 10:23:18 | INFO | [DownLoad Success] D:/Work/Quntized-Mesh/01.Souces/2023_GCRR/Assets\DownLoadData\SaveTextures\11\789\1751.png Terrain File | Get_TextureData | D:\Work\Quntized-Mesh\01.Souces\2023_GCRR\Assets\GCRR\Scripts\Server\ServerConnectClass.cs : 215
2023-07-20 10:23:18 | INFO | [DownLoad Success] D:/Work/Quntized-Mesh/01.Souces/2023_GCRR/Assets\DownLoadData\SaveTextures\11\793\1744.png Terrain File | Get_TextureData | D:\Work\Quntized-Mesh\01.Souces\2023_GCRR\Assets\GCRR\Scripts\Server\ServerConnectClass.cs : 215
2023-07-20 10:23:18 | INFO | [DownLoad Success] D:/Work/Quntized-Mesh/01.Souces/2023_GCRR/Assets\DownLoadData\SaveTextures\11\789\1750.png Terrain File | Get_TextureData | D:\Work\Quntized-Mesh\01.Souces\2023_GCRR\Assets\GCRR\Scripts\Server\ServerConnectClass.cs : 215
2023-07-20 10:23:18 | INFO | [DownLoad Success] D:/Work/Quntized-Mesh/01.Souces/2023_GCRR/Assets\DownLoadData\SaveTextures\11\791\1744.png Terrain File | Get_TextureData | D:\Work\Quntized-Mesh\01.Souces\2023_GCRR\Assets\GCRR\Scripts\Server\ServerConnectClass.cs : 215
2023-07-20 10:23:18 | INFO | [DownLoad Success] D:/Work/Quntized-Mesh/01.Souces/2023_GCRR/Assets\DownLoadData\SaveTextures\11\788\1746.png Terrain File | Get_TextureData | D:\Work\Quntized-Mesh\01.Souces\2023_GCRR\Assets\GCRR\Scripts\Server\ServerConnectClass.cs : 215
2023-07-20 10:23:18 | INFO | [DownLoad Success] D:/Work/Quntized-Mesh/01.Souces/2023_GCRR/Assets\DownLoadData\SaveTextures\11\789\1748.png Terrain File | Get_TextureData | D:\Work\Quntized-Mesh\01.Souces\2023_GCRR\Assets\GCRR\Scripts\Server\ServerConnectClass.cs : 215
2023-07-20 10:23:18 | INFO | [DownLoad Success] D:/Work/Quntized-Mesh/01.Souces/2023_GCRR/Assets\DownLoadData\SaveTextures\11\793\1749.png Terrain File | Get_TextureData | D:\Work\Quntized-Mesh\01.Souces\2023_GCRR\Assets\GCRR\Scripts\Server\ServerConnectClass.cs : 215
2023-07-20 10:23:18 | INFO | [DownLoad Success] D:/Work/Quntized-Mesh/01.Souces/2023_GCRR/Assets\DownLoadData\SaveTextures\11\790\1748.png Terrain File | Get_TextureData | D:\Work\Quntized-Mesh\01.Souces\2023_GCRR\Assets\GCRR\Scripts\Server\ServerConnectClass.cs : 215
2023-07-20 10:23:18 | INFO | [DownLoad Success] D:/Work/Quntized-Mesh/01.Souces/2023_GCRR/Assets\DownLoadData\SaveTextures\11\790\1746.png Terrain File | Get_TextureData | D:\Work\Quntized-Mesh\01.Souces\2023_GCRR\Assets\GCRR\Scripts\Server\ServerConnectClass.cs : 215
2023-07-20 10:23:18 | INFO | [DownLoad Success] D:/Work/Quntized-Mesh/01.Souces/2023_GCRR/Assets\DownLoadData\SaveTextures\11\792\1751.png Terrain File | Get_TextureData | D:\Work\Quntized-Mesh\01.Souces\2023_GCRR\Assets\GCRR\Scripts\Server\ServerConnectClass.cs : 215
2023-07-20 10:23:18 | INFO | [DownLoad Success] D:/Work/Quntized-Mesh/01.Souces/2023_GCRR/Assets\DownLoadData\SaveTextures\11\790\1741.png Terrain File | Get_TextureData | D:\Work\Quntized-Mesh\01.Souces\2023_GCRR\Assets\GCRR\Scripts\Server\ServerConnectClass.cs : 215
2023-07-20 10:23:18 | INFO | [DownLoad Success] D:/Work/Quntized-Mesh/01.Souces/2023_GCRR/Assets\DownLoadData\SaveTextures\11\797\1746.png Terrain File | Get_TextureData | D:\Work\Quntized-Mesh\01.Souces\2023_GCRR\Assets\GCRR\Scripts\Server\ServerConnectClass.cs : 215
2023-07-20 10:23:18 | INFO | [DownLoad Success] D:/Work/Quntized-Mesh/01.Souces/2023_GCRR/Assets\DownLoadData\SaveTextures\11\797\1749.png Terrain File | Get_TextureData | D:\Work\Quntized-Mesh\01.Souces\2023_GCRR\Assets\GCRR\Scripts\Server\ServerConnectClass.cs : 215
2023-07-20 10:23:18 | INFO | [DownLoad Success] D:/Work/Quntized-Mesh/01.Souces/2023_GCRR/Assets\DownLoadData\SaveTextures\11\790\1742.png Terrain File | Get_TextureData | D:\Work\Quntized-Mesh\01.Souces\2023_GCRR\Assets\GCRR\Scripts\Server\ServerConnectClass.cs : 215
2023-07-20 10:23:18 | INFO | [DownLoad Success] D:/Work/Quntized-Mesh/01.Souces/2023_GCRR/Assets\DownLoadData\SaveTextures\11\796\1747.png Terrain File | Get_TextureData | D:\Work\Quntized-Mesh\01.Souces\2023_GCRR\Assets\GCRR\Scripts\Server\ServerConnectClass.cs : 215
2023-07-20 10:23:18 | INFO | [DownLoad Success] D:/Work/Quntized-Mesh/01.Souces/2023_GCRR/Assets\DownLoadData\SaveTextures\11\789\1746.png Terrain File | Get_TextureData | D:\Work\Quntized-Mesh\01.Souces\2023_GCRR\Assets\GCRR\Scripts\Server\ServerConnectClass.cs : 215
2023-07-20 10:23:18 | INFO | [DownLoad Success] D:/Work/Quntized-Mesh/01.Souces/2023_GCRR/Assets\DownLoadData\SaveTextures\11\795\1745.png Terrain File | Get_TextureData | D:\Work\Quntized-Mesh\01.Souces\2023_GCRR\Assets\GCRR\Scripts\Server\ServerConnectClass.cs : 215
2023-07-20 10:23:18 | INFO | [DownLoad Success] D:/Work/Quntized-Mesh/01.Souces/2023_GCRR/Assets\DownLoadData\SaveTextures\11\798\1745.png Terrain File | Get_TextureData | D:\Work\Quntized-Mesh\01.Souces\2023_GCRR\Assets\GCRR\Scripts\Server\ServerConnectClass.cs : 215
2023-07-20 10:23:18 | INFO | [DownLoad Success] D:/Work/Quntized-Mesh/01.Souces/2023_GCRR/Assets\DownLoadData\SaveTextures\11\794\1748.png Terrain File | Get_TextureData | D:\Work\Quntized-Mesh\01.Souces\2023_GCRR\Assets\GCRR\Scripts\Server\ServerConnectClass.cs : 215
2023-07-20 10:23:18 | INFO | [DownLoad Success] D:/Work/Quntized-Mesh/01.Souces/2023_GCRR/Assets\DownLoadData\SaveTextures\11\790\1745.png Terrain File | Get_TextureData | D:\Work\Quntized-Mesh\01.Souces\2023_GCRR\Assets\GCRR\Scripts\Server\ServerConnectClass.cs : 215
2023-07-20 10:23:18 | INFO | [DownLoad Success] D:/Work/Quntized-Mesh/01.Souces/2023_GCRR/Assets\DownLoadData\SaveTextures\11\791\1751.png Terrain File | Get_TextureData | D:\Work\Quntized-Mesh\01.Souces\2023_GCRR\Assets\GCRR\Scripts\Server\ServerConnectClass.cs : 215
2023-07-20 10:23:18 | INFO | [DownLoad Success] D:/Work/Quntized-Mesh/01.Souces/2023_GCRR/Assets\DownLoadData\SaveTextures\11\793\1748.png Terrain File | Get_TextureData | D:\Work\Quntized-Mesh\01.Souces\2023_GCRR\Assets\GCRR\Scripts\Server\ServerConnectClass.cs : 215
2023-07-20 10:23:18 | INFO | [DownLoad Success] D:/Work/Quntized-Mesh/01.Souces/2023_GCRR/Assets\DownLoadData\SaveTextures\11\796\1751.png Terrain File | Get_TextureData | D:\Work\Quntized-Mesh\01.Souces\2023_GCRR\Assets\GCRR\Scripts\Server\ServerConnectClass.cs : 215
2023-07-20 10:23:18 | INFO | [DownLoad Success] D:/Work/Quntized-Mesh/01.Souces/2023_GCRR/Assets\DownLoadData\SaveTextures\11\793\1751.png Terrain File | Get_TextureData | D:\Work\Quntized-Mesh\01.Souces\2023_GCRR\Assets\GCRR\Scripts\Server\ServerConnectClass.cs : 215
2023-07-20 10:23:18 | INFO | [DownLoad Success] D:/Work/Quntized-Mesh/01.Souces/2023_GCRR/Assets\DownLoadData\SaveTextures\11\796\1746.png Terrain File | Get_TextureData | D:\Work\Quntized-Mesh\01.Souces\2023_GCRR\Assets\GCRR\Scripts\Server\ServerConnectClass.cs : 215
2023-07-20 10:23:18 | INFO | [DownLoad Success] D:/Work/Quntized-Mesh/01.Souces/2023_GCRR/Assets\DownLoadData\SaveTextures\11\794\1749.png Terrain File | Get_TextureData | D:\Work\Quntized-Mesh\01.Souces\2023_GCRR\Assets\GCRR\Scripts\Server\ServerConnectClass.cs : 215
2023-07-20 10:23:18 | INFO | [DownLoad Success] D:/Work/Quntized-Mesh/01.Souces/2023_GCRR/Assets\DownLoadData\SaveTextures\11\797\1747.png Terrain File | Get_TextureData | D:\Work\Quntized-Mesh\01.Souces\2023_GCRR\Assets\GCRR\Scripts\Server\ServerConnectClass.cs : 215
2023-07-20 10:23:18 | INFO | [DownLoad Success] D:/Work/Quntized-Mesh/01.Souces/2023_GCRR/Assets\DownLoadData\SaveTextures\11\796\1748.png Terrain File | Get_TextureData | D:\Work\Quntized-Mesh\01.Souces\2023_GCRR\Assets\GCRR\Scripts\Server\ServerConnectClass.cs : 215
2023-07-20 10:23:18 | INFO | [DownLoad Success] D:/Work/Quntized-Mesh/01.Souces/2023_GCRR/Assets\DownLoadData\SaveTextures\11\796\1750.png Terrain File | Get_TextureData | D:\Work\Quntized-Mesh\01.Souces\2023_GCRR\Assets\GCRR\Scripts\Server\ServerConnectClass.cs : 215
2023-07-20 10:23:18 | INFO | [DownLoad Success] D:/Work/Quntized-Mesh/01.Souces/2023_GCRR/Assets\DownLoadData\SaveTextures\11\798\1746.png Terrain File | Get_TextureData | D:\Work\Quntized-Mesh\01.Souces\2023_GCRR\Assets\GCRR\Scripts\Server\ServerConnectClass.cs : 215
2023-07-20 10:23:18 | INFO | [DownLoad Success] D:/Work/Quntized-Mesh/01.Souces/2023_GCRR/Assets\DownLoadData\SaveTextures\11\798\1750.png Terrain File | Get_TextureData | D:\Work\Quntized-Mesh\01.Souces\2023_GCRR\Assets\GCRR\Scripts\Server\ServerConnectClass.cs : 215
2023-07-20 10:23:18 | INFO | [DownLoad Success] D:/Work/Quntized-Mesh/01.Souces/2023_GCRR/Assets\DownLoadData\SaveTextures\11\798\1748.png Terrain File | Get_TextureData | D:\Work\Quntized-Mesh\01.Souces\2023_GCRR\Assets\GCRR\Scripts\Server\ServerConnectClass.cs : 215
2023-07-20 10:23:18 | INFO | [DownLoad Success] D:/Work/Quntized-Mesh/01.Souces/2023_GCRR/Assets\DownLoadData\SaveTextures\11\797\1748.png Terrain File | Get_TextureData | D:\Work\Quntized-Mesh\01.Souces\2023_GCRR\Assets\GCRR\Scripts\Server\ServerConnectClass.cs : 215
2023-07-20 10:23:18 | INFO | [DownLoad Success] D:/Work/Quntized-Mesh/01.Souces/2023_GCRR/Assets\DownLoadData\SaveTextures\11\793\1750.png Terrain File | Get_TextureData | D:\Work\Quntized-Mesh\01.Souces\2023_GCRR\Assets\GCRR\Scripts\Server\ServerConnectClass.cs : 215
2023-07-20 10:23:18 | INFO | [DownLoad Success] D:/Work/Quntized-Mesh/01.Souces/2023_GCRR/Assets\DownLoadData\SaveTextures\11\792\1750.png Terrain File | Get_TextureData | D:\Work\Quntized-Mesh\01.Souces\2023_GCRR\Assets\GCRR\Scripts\Server\ServerConnectClass.cs : 215
2023-07-20 10:23:18 | INFO | [DownLoad Success] D:/Work/Quntized-Mesh/01.Souces/2023_GCRR/Assets\DownLoadData\SaveTextures\11\794\1747.png Terrain File | Get_TextureData | D:\Work\Quntized-Mesh\01.Souces\2023_GCRR\Assets\GCRR\Scripts\Server\ServerConnectClass.cs : 215
2023-07-20 10:23:18 | INFO | [DownLoad Success] D:/Work/Quntized-Mesh/01.Souces/2023_GCRR/Assets\DownLoadData\SaveTextures\11\795\1749.png Terrain File | Get_TextureData | D:\Work\Quntized-Mesh\01.Souces\2023_GCRR\Assets\GCRR\Scripts\Server\ServerConnectClass.cs : 215
2023-07-20 10:23:18 | INFO | [DownLoad Success] D:/Work/Quntized-Mesh/01.Souces/2023_GCRR/Assets\DownLoadData\SaveTextures\11\798\1743.png Terrain File | Get_TextureData | D:\Work\Quntized-Mesh\01.Souces\2023_GCRR\Assets\GCRR\Scripts\Server\ServerConnectClass.cs : 215
2023-07-20 10:23:18 | INFO | [DownLoad Success] D:/Work/Quntized-Mesh/01.Souces/2023_GCRR/Assets\DownLoadData\SaveTextures\11\791\1749.png Terrain File | Get_TextureData | D:\Work\Quntized-Mesh\01.Souces\2023_GCRR\Assets\GCRR\Scripts\Server\ServerConnectClass.cs : 215
2023-07-20 10:23:18 | INFO | [DownLoad Success] D:/Work/Quntized-Mesh/01.Souces/2023_GCRR/Assets\DownLoadData\SaveTextures\11\792\1744.png Terrain File | Get_TextureData | D:\Work\Quntized-Mesh\01.Souces\2023_GCRR\Assets\GCRR\Scripts\Server\ServerConnectClass.cs : 215
2023-07-20 10:23:18 | INFO | [DownLoad Success] D:/Work/Quntized-Mesh/01.Souces/2023_GCRR/Assets\DownLoadData\SaveTextures\11\792\1749.png Terrain File | Get_TextureData | D:\Work\Quntized-Mesh\01.Souces\2023_GCRR\Assets\GCRR\Scripts\Server\ServerConnectClass.cs : 215
2023-07-20 10:23:18 | INFO | [DownLoad Success] D:/Work/Quntized-Mesh/01.Souces/2023_GCRR/Assets\DownLoadData\SaveTextures\11\794\1750.png Terrain File | Get_TextureData | D:\Work\Quntized-Mesh\01.Souces\2023_GCRR\Assets\GCRR\Scripts\Server\ServerConnectClass.cs : 215
2023-07-20 10:23:18 | INFO | [DownLoad Success] D:/Work/Quntized-Mesh/01.Souces/2023_GCRR/Assets\DownLoadData\SaveTextures\11\792\1747.png Terrain File | Get_TextureData | D:\Work\Quntized-Mesh\01.Souces\2023_GCRR\Assets\GCRR\Scripts\Server\ServerConnectClass.cs : 215
2023-07-20 10:23:18 | INFO | [DownLoad Success] D:/Work/Quntized-Mesh/01.Souces/2023_GCRR/Assets\DownLoadData\SaveTextures\11\788\1751.png Terrain File | Get_TextureData | D:\Work\Quntized-Mesh\01.Souces\2023_GCRR\Assets\GCRR\Scripts\Server\ServerConnectClass.cs : 215
2023-07-20 10:23:18 | INFO | [DownLoad Success] D:/Work/Quntized-Mesh/01.Souces/2023_GCRR/Assets\DownLoadData\SaveTextures\11\792\1745.png Terrain File | Get_TextureData | D:\Work\Quntized-Mesh\01.Souces\2023_GCRR\Assets\GCRR\Scripts\Server\ServerConnectClass.cs : 215
2023-07-20 10:23:18 | INFO | [DownLoad Success] D:/Work/Quntized-Mesh/01.Souces/2023_GCRR/Assets\DownLoadData\SaveTextures\11\792\1746.png Terrain File | Get_TextureData | D:\Work\Quntized-Mesh\01.Souces\2023_GCRR\Assets\GCRR\Scripts\Server\ServerConnectClass.cs : 215
2023-07-20 10:23:18 | INFO | [DownLoad Success] D:/Work/Quntized-Mesh/01.Souces/2023_GCRR/Assets\DownLoadData\SaveTextures\11\793\1747.png Terrain File | Get_TextureData | D:\Work\Quntized-Mesh\01.Souces\2023_GCRR\Assets\GCRR\Scripts\Server\ServerConnectClass.cs : 215
2023-07-20 10:23:18 | INFO | [DownLoad Success] D:/Work/Quntized-Mesh/01.Souces/2023_GCRR/Assets\DownLoadData\SaveTextures\11\791\1747.png Terrain File | Get_TextureData | D:\Work\Quntized-Mesh\01.Souces\2023_GCRR\Assets\GCRR\Scripts\Server\ServerConnectClass.cs : 215
2023-07-20 10:23:18 | INFO | [DownLoad Success] D:/Work/Quntized-Mesh/01.Souces/2023_GCRR/Assets\DownLoadData\SaveTextures\11\795\1748.png Terrain File | Get_TextureData | D:\Work\Quntized-Mesh\01.Souces\2023_GCRR\Assets\GCRR\Scripts\Server\ServerConnectClass.cs : 215
2023-07-20 10:23:18 | INFO | [DownLoad Success] D:/Work/Quntized-Mesh/01.Souces/2023_GCRR/Assets\DownLoadData\SaveTextures\11\798\1751.png Terrain File | Get_TextureData | D:\Work\Quntized-Mesh\01.Souces\2023_GCRR\Assets\GCRR\Scripts\Server\ServerConnectClass.cs : 215
2023-07-20 10:23:18 | INFO | [DownLoad Success] D:/Work/Quntized-Mesh/01.Souces/2023_GCRR/Assets\DownLoadData\SaveTextures\11\793\1746.png Terrain File | Get_TextureData | D:\Work\Quntized-Mesh\01.Souces\2023_GCRR\Assets\GCRR\Scripts\Server\ServerConnectClass.cs : 215
2023-07-20 10:23:18 | INFO | [DownLoad Success] D:/Work/Quntized-Mesh/01.Souces/2023_GCRR/Assets\DownLoadData\SaveTextures\11\797\1750.png Terrain File | Get_TextureData | D:\Work\Quntized-Mesh\01.Souces\2023_GCRR\Assets\GCRR\Scripts\Server\ServerConnectClass.cs : 215
2023-07-20 10:23:18 | INFO | [DownLoad Success] D:/Work/Quntized-Mesh/01.Souces/2023_GCRR/Assets\DownLoadData\SaveTextures\11\797\1751.png Terrain File | Get_TextureData | D:\Work\Quntized-Mesh\01.Souces\2023_GCRR\Assets\GCRR\Scripts\Server\ServerConnectClass.cs : 215
2023-07-20 10:23:18 | INFO | [DownLoad Success] D:/Work/Quntized-Mesh/01.Souces/2023_GCRR/Assets\DownLoadData\SaveTextures\11\793\1745.png Terrain File | Get_TextureData | D:\Work\Quntized-Mesh\01.Souces\2023_GCRR\Assets\GCRR\Scripts\Server\ServerConnectClass.cs : 215
2023-07-20 10:23:18 | INFO | [DownLoad Success] D:/Work/Quntized-Mesh/01.Souces/2023_GCRR/Assets\DownLoadData\SaveTextures\11\792\1748.png Terrain File | Get_TextureData | D:\Work\Quntized-Mesh\01.Souces\2023_GCRR\Assets\GCRR\Scripts\Server\ServerConnectClass.cs : 215
2023-07-20 10:23:18 | INFO | [DownLoad Success] D:/Work/Quntized-Mesh/01.Souces/2023_GCRR/Assets\DownLoadData\SaveTextures\11\798\1747.png Terrain File | Get_TextureData | D:\Work\Quntized-Mesh\01.Souces\2023_GCRR\Assets\GCRR\Scripts\Server\ServerConnectClass.cs : 215
2023-07-20 10:23:18 | INFO | [DownLoad Success] D:/Work/Quntized-Mesh/01.Souces/2023_GCRR/Assets\DownLoadData\SaveTextures\11\798\1749.png Terrain File | Get_TextureData | D:\Work\Quntized-Mesh\01.Souces\2023_GCRR\Assets\GCRR\Scripts\Server\ServerConnectClass.cs : 215
2023-07-20 10:23:18 | INFO | [DownLoad Success] D:/Work/Quntized-Mesh/01.Souces/2023_GCRR/Assets\DownLoadData\SaveTextures\11\794\1751.png Terrain File | Get_TextureData | D:\Work\Quntized-Mesh\01.Souces\2023_GCRR\Assets\GCRR\Scripts\Server\ServerConnectClass.cs : 215
2023-07-20 10:23:18 | INFO | [DownLoad Success] D:/Work/Quntized-Mesh/01.Souces/2023_GCRR/Assets\DownLoadData\SaveTextures\11\790\1747.png Terrain File | Get_TextureData | D:\Work\Quntized-Mesh\01.Souces\2023_GCRR\Assets\GCRR\Scripts\Server\ServerConnectClass.cs : 215
2023-07-20 10:23:18 | INFO | [DownLoad Success] D:/Work/Quntized-Mesh/01.Souces/2023_GCRR/Assets\DownLoadData\SaveTextures\11\788\1749.png Terrain File | Get_TextureData | D:\Work\Quntized-Mesh\01.Souces\2023_GCRR\Assets\GCRR\Scripts\Server\ServerConnectClass.cs : 215
2023-07-20 10:23:18 | INFO | [DownLoad Success] D:/Work/Quntized-Mesh/01.Souces/2023_GCRR/Assets\DownLoadData\SaveTextures\11\795\1750.png Terrain File | Get_TextureData | D:\Work\Quntized-Mesh\01.Souces\2023_GCRR\Assets\GCRR\Scripts\Server\ServerConnectClass.cs : 215
2023-07-20 10:23:18 | INFO | [DownLoad Success] D:/Work/Quntized-Mesh/01.Souces/2023_GCRR/Assets\DownLoadData\SaveTextures\11\794\1745.png Terrain File | Get_TextureData | D:\Work\Quntized-Mesh\01.Souces\2023_GCRR\Assets\GCRR\Scripts\Server\ServerConnectClass.cs : 215
2023-07-20 10:23:18 | INFO | [DownLoad Success] D:/Work/Quntized-Mesh/01.Souces/2023_GCRR/Assets\DownLoadData\SaveTextures\11\791\1746.png Terrain File | Get_TextureData | D:\Work\Quntized-Mesh\01.Souces\2023_GCRR\Assets\GCRR\Scripts\Server\ServerConnectClass.cs : 215
2023-07-20 10:23:18 | INFO | [DownLoad Success] D:/Work/Quntized-Mesh/01.Souces/2023_GCRR/Assets\DownLoadData\SaveTextures\11\798\1744.png Terrain File | Get_TextureData | D:\Work\Quntized-Mesh\01.Souces\2023_GCRR\Assets\GCRR\Scripts\Server\ServerConnectClass.cs : 215
2023-07-20 10:23:18 | INFO | [DownLoad Success] D:/Work/Quntized-Mesh/01.Souces/2023_GCRR/Assets\DownLoadData\SaveTextures\11\796\1749.png Terrain File | Get_TextureData | D:\Work\Quntized-Mesh\01.Souces\2023_GCRR\Assets\GCRR\Scripts\Server\ServerConnectClass.cs : 215
2023-07-20 10:23:18 | INFO | [DownLoad Success] D:/Work/Quntized-Mesh/01.Souces/2023_GCRR/Assets\DownLoadData\SaveTextures\11\790\1744.png Terrain File | Get_TextureData | D:\Work\Quntized-Mesh\01.Souces\2023_GCRR\Assets\GCRR\Scripts\Server\ServerConnectClass.cs : 215
2023-07-20 10:23:18 | INFO | [DownLoad Success] D:/Work/Quntized-Mesh/01.Souces/2023_GCRR/Assets\DownLoadData\SaveTextures\11\789\1747.png Terrain File | Get_TextureData | D:\Work\Quntized-Mesh\01.Souces\2023_GCRR\Assets\GCRR\Scripts\Server\ServerConnectClass.cs : 215
2023-07-20 10:23:18 | INFO | [DownLoad Success] D:/Work/Quntized-Mesh/01.Souces/2023_GCRR/Assets\DownLoadData\SaveTextures\11\794\1746.png Terrain File | Get_TextureData | D:\Work\Quntized-Mesh\01.Souces\2023_GCRR\Assets\GCRR\Scripts\Server\ServerConnectClass.cs : 215
2023-07-20 10:23:18 | INFO | [DownLoad Success] D:/Work/Quntized-Mesh/01.Souces/2023_GCRR/Assets\DownLoadData\SaveTextures\11\797\1745.png Terrain File | Get_TextureData | D:\Work\Quntized-Mesh\01.Souces\2023_GCRR\Assets\GCRR\Scripts\Server\ServerConnectClass.cs : 215
2023-07-20 10:23:18 | INFO | [DownLoad Success] D:/Work/Quntized-Mesh/01.Souces/2023_GCRR/Assets\DownLoadData\SaveTextures\11\795\1747.png Terrain File | Get_TextureData | D:\Work\Quntized-Mesh\01.Souces\2023_GCRR\Assets\GCRR\Scripts\Server\ServerConnectClass.cs : 215
2023-07-20 10:23:18 | INFO | [DownLoad Success] D:/Work/Quntized-Mesh/01.Souces/2023_GCRR/Assets\DownLoadData\SaveTextures\11\795\1746.png Terrain File | Get_TextureData | D:\Work\Quntized-Mesh\01.Souces\2023_GCRR\Assets\GCRR\Scripts\Server\ServerConnectClass.cs : 215
2023-07-20 10:23:18 | INFO | [DownLoad Success] D:/Work/Quntized-Mesh/01.Souces/2023_GCRR/Assets\DownLoadData\SaveTextures\11\791\1745.png Terrain File | Get_TextureData | D:\Work\Quntized-Mesh\01.Souces\2023_GCRR\Assets\GCRR\Scripts\Server\ServerConnectClass.cs : 215
2023-07-20 10:23:18 | INFO | [DownLoad Success] D:/Work/Quntized-Mesh/01.Souces/2023_GCRR/Assets\DownLoadData\SaveTextures\11\796\1745.png Terrain File | Get_TextureData | D:\Work\Quntized-Mesh\01.Souces\2023_GCRR\Assets\GCRR\Scripts\Server\ServerConnectClass.cs : 215
2023-07-20 10:23:18 | INFO | [DownLoad Success] D:/Work/Quntized-Mesh/01.Souces/2023_GCRR/Assets\DownLoadData\SaveTextures\11\795\1751.png Terrain File | Get_TextureData | D:\Work\Quntized-Mesh\01.Souces\2023_GCRR\Assets\GCRR\Scripts\Server\ServerConnectClass.cs : 215
