2023-07-07 12:00:22 | INFO | D:/Work/Quntized-Mesh/01.Souces/2023_GCRR/Assets\JsonData | Load | D:\Work\Quntized-Mesh\01.Souces\2023_GCRR\Assets\Scripts\JsonManager.cs : 84
2023-07-07 12:00:22 | INFO | [Success] ScenarioList Load Completion. | LoadScenarioList | D:\Work\Quntized-Mesh\01.Souces\2023_GCRR\Assets\Scripts\Scenario\ScenarioInfoClass.cs : 61
2023-07-07 12:00:23 | INFO | D:/Work/Quntized-Mesh/01.Souces/2023_GCRR/Assets\JsonData | Load | D:\Work\Quntized-Mesh\01.Souces\2023_GCRR\Assets\Scripts\JsonManager.cs : 84
2023-07-07 12:00:23 | INFO | [Success] ScenarioData Load Completion. | LoadScenarioData | D:\Work\Quntized-Mesh\01.Souces\2023_GCRR\Assets\Scripts\Scenario\ScenarioInfoClass.cs : 77
2023-07-07 12:00:26 | INFO | Calcu Terrain Index - zoomLevel : 10	org : [Lat : 37.523857	Lon : 127.074736]	Index : [Lat : 1746	Lon : 793 | Initialize | D:\Work\Quntized-Mesh\01.Souces\2023_GCRR\Assets\Scripts\VirtualMap\TerrainCreateClass.cs : 53
2023-07-07 12:00:26 | INFO | Calcu Texture Index - zoomLevel : 11	org : [Lat : 37.523857	Lon : 127.074736]	Index : [Lat : 1746	Lon : 793 | Initialize | D:\Work\Quntized-Mesh\01.Souces\2023_GCRR\Assets\Scripts\VirtualMap\TerrainCreateClass.cs : 54
2023-07-07 12:00:27 | INFO | [Object Selected] Fighter | set_Select_ObjectID | D:\Work\Quntized-Mesh\01.Souces\2023_GCRR\Assets\Scripts\ScenarioObject\ScenarioObjectManager.cs : 19
2023-07-07 12:00:27 | INFO | [Object Selected] None | set_Select_ObjectID | D:\Work\Quntized-Mesh\01.Souces\2023_GCRR\Assets\Scripts\ScenarioObject\ScenarioObjectManager.cs : 19
2023-07-07 12:00:27 | INFO | [Object Selected] Fighter | set_Select_ObjectID | D:\Work\Quntized-Mesh\01.Souces\2023_GCRR\Assets\Scripts\ScenarioObject\ScenarioObjectManager.cs : 19
2023-07-07 12:00:27 | INFO | [Object Selected] None | set_Select_ObjectID | D:\Work\Quntized-Mesh\01.Souces\2023_GCRR\Assets\Scripts\ScenarioObject\ScenarioObjectManager.cs : 19
RR\Assets\Scripts\JsonManager.cs : 84
2023-07-07 11:46:06 | INFO | [Success] ScenarioData Load Completion. | LoadScenarioData | D:\Work\Quntized-Mesh\01.Souces\2023_GCRR\Assets\Scripts\Scenario\ScenarioInfoClass.cs : 77
2023-07-07 11:46:07 | INFO | D:/Work/Quntized-Mesh/01.Souces/2023_GCRR/Assets\JsonData | Load | D:\Work\Quntized-Mesh\01.Souces\2023_GCRR\Assets\Scripts\JsonManager.cs : 84
2023-07-07 11:46:07 | ERROR | [Critical Error 002] ScenarioData is null. | LoadScenarioData | D:\Work\Quntized-Mesh\01.Souces\2023_GCRR\Assets\Scripts\Scenario\ScenarioInfoClass.cs : 74
2023-07-07 11:46:08 | INFO | D:/Work/Quntized-Mesh/01.Souces/2023_GCRR/Assets\JsonData | Load | D:\Work\Quntized-Mesh\01.Souces\2023_GCRR\Assets\Scripts\JsonManager.cs : 84
2023-07-07 11:46:08 | INFO | [Success] ScenarioData Load Completion. | LoadScenarioData | D:\Work\Quntized-Mesh\01.Souces\2023_GCRR\Assets\Scripts\Scenario\ScenarioInfoClass.cs : 77
2023-07-07 11:46:09 | INFO | D:/Work/Quntized-Mesh/01.Souces/2023_GCRR/Assets\JsonData | Load | D:\Work\Quntized-Mesh\01.Souces\2023_GCRR\Assets\Scripts\JsonManager.cs : 84
2023-07-07 11:46:09 | ERROR | [Critical Error 002] ScenarioData is null. | LoadScenarioData | D:\Work\Quntized-Mesh\01.Souces\2023_GCRR\Assets\Scripts\Scenario\ScenarioInfoClass.cs : 74
2023-07-07 11:46:10 | INFO | D:/Work/Quntized-Mesh/01.Souces/2023_GCRR/Assets\JsonData | Load | D:\Work\Quntized-Mesh\01.Souces\2023_GCRR\Assets\Scripts\JsonManager.cs : 84
2023-07-07 11:46:10 | ERROR | [Critical Error 002] ScenarioData is null. | LoadScenarioData | D:\Work\Quntized-Mesh\01.Souces\2023_GCRR\Assets\Scripts\Scenario\ScenarioInfoClass.cs : 74
2023-07-07 11:46:11 | INFO | D:/Work/Quntized-Mesh/01.Souces/2023_GCRR/Assets\JsonData | Load | D:\Work\Quntized-Mesh\01.Souces\2023_GCRR\Assets\Scripts\JsonManager.cs : 84
2023-07-07 11:46:11 | INFO | [Success] ScenarioData Load Completion. | LoadScenarioData | D:\Work\Quntized-Mesh\01.Souces\2023_GCRR\Assets\Scripts\Scenario\ScenarioInfoClass.cs : 77
2023-07-07 11:46:20 | INFO | Calcu Terrain Index - zoomLevel : 10	org : [Lat : 37.523857	Lon : 127.074736]	Index : [Lat : 1746	Lon : 793 | Initialize | D:\Work\Quntized-Mesh\01.Souces\2023_GCRR\Assets\Scripts\VirtualMap\TerrainCreateClass.cs : 53
2023-07-07 11:46:20 | INFO | Calcu Texture Index - zoomLevel : 11	org : [Lat : 37.523857	Lon : 127.074736]	Index : [Lat : 1746	Lon : 793 | Initialize | D:\Work\Quntized-Mesh\01.Souces\2023_GCRR\Assets\Scripts\VirtualMap\TerrainCreateClass.cs : 54
2023-07-07 11:46:22 | INFO | [Object Selected] Fighter | set_Select_ObjectID | D:\Work\Quntized-Mesh\01.Souces\2023_GCRR\Assets\Scripts\ScenarioObject\ScenarioObjectManager.cs : 19
2023-07-07 11:46:22 | INFO | [Object Selected] None | set_Select_ObjectID | D:\Work\Quntized-Mesh\01.Souces\2023_GCRR\Assets\Scripts\ScenarioObject\ScenarioObjectManager.cs : 19
2023-07-07 11:46:22 | INFO | [Object Selected] Fighter | set_Select_ObjectID | D:\Work\Quntized-Mesh\01.Souces\2023_GCRR\Assets\Scripts\ScenarioObject\ScenarioObjectManager.cs : 19
2023-07-07 11:46:22 | INFO | [Object Selected] None | set_Select_ObjectID | D:\Work\Quntized-Mesh\01.Souces\2023_GCRR\Assets\Scripts\ScenarioObject\ScenarioObjectManager.cs : 19
